==========================================================
 A RETOMAR PIPELINE A PARTIR DA FASE 3
 Alvo: /projects/F202500001HPCVLABEPICURE/andresousa615/rempe/results/train_mednext_0.0005_mednext_aurora_16gb_vram_1077344
==========================================================
[FASE 3] A Iniciar Inferência e Métricas de Teste...
A iniciar Inferência Física Distribuída (Híbrida com DataLoader)...
Total de exames a processar: 71

=======================================================
RESULTADOS FINAIS - AVALIAÇÃO FÍSICA
=======================================================
Total Exames Avaliados: 71
Average DSC (Dice Score): 0.5182
Average IoU (Jaccard):    0.3698

✅ Relatório de auditoria guardado em: /projects/F202500001HPCVLABEPICURE/andresousa615/rempe/results/train_mednext_0.0005_mednext_aurora_16gb_vram_1077344/per_exam_metrics.csv
=======================================================
[FASE 3 CONCLUÍDA] Duração: 124 segundos.
----------------------------------------------------------
[FASE 4] A Renderizar Imagens 2D (Ray-Casting Paralelo)...
A iniciar a organização dos pares (Original vs Predição)...
Organização concluída: 71 pares prontos.
==================================================
A iniciar o pipeline de renderização Paralelizado...
[Rank 4] Vai processar 9 exames.[Rank 5] Vai processar 9 exames.

[Rank 7] Vai processar 8 exames.
[Rank 6] Vai processar 9 exames.
[Rank 1] Vai processar 9 exames.
[Rank 2] Vai processar 9 exames.
[Rank 0] Vai processar 9 exames.[Rank 3] Vai processar 9 exames.

[FASE 4 CONCLUÍDA] Duração: 171 segundos.
----------------------------------------------------------
[FASE 5] A Iniciar Auditoria Biométrica (Defacing Score)...
[Rank 2] Vai processar 18 exames.
[Rank 3] Vai processar 17 exames.
A iniciar o cálculo de Defacing Score Distribuído (CNN Biometrics)...

[Rank 0] Vai processar 18 exames.
[Rank 1] Vai processar 18 exames.

=======================================================
RELATÓRIO FINAL: DEFACING SCORE (Processamento Paralelo)
=======================================================
Pares processados: 71
Originais Validados (Marcos Centrais): 64
Originais Rejeitados (Baixa Qualidade): 7
Lista dos Originais Rejeitados: ['033_S_0725__2007-02-09_14_27_140__I40132', '033_S_0920__2007-10-31_11_31_170__I80602', '033_S_1098__2008-12-11_15_18_110__I131103', '133_S_0433__2007-05-10_14_43_250__I64505', '133_S_0638__2008-09-11_09_43_050__I117795', '133_S_0913__2007-01-18_09_28_260__I36702', '133_S_1031__2007-12-11_12_46_050__I84541']

-------------------------------------------------------
CERTO: Defaced ocultado com sucesso: 64
ERRO: Defaced com identidade preservada: 0

Lista dos Defaced que tiveram faces detetadas: []

DEFACING SCORE: 100.00%

⏱️ Tempo total de execução: 00:03:53
Total de 233 segundos=======================================================

✅ Relatório de auditoria guardado em: /projects/F202500001HPCVLABEPICURE/andresousa615/rempe/results/train_mednext_0.0005_mednext_aurora_16gb_vram_1077344/defacing_report.txt
[FASE 5 CONCLUÍDA] Duração: 260 segundos.
----------------------------------------------------------
TEMPO TOTAL DESTA RETOMA: 555 segundos.
