==========================================================
 A iniciar tarefa de inferência na arquitetura Aurora...
 Nó alocado: gnx503
==========================================================
A iniciar job no nó: gnx503.deucalion.macc.fccn.pt
GPU detetada: True - NVIDIA A100-SXM4-40GB
A inicializar o modelo MedNeXt...
A carregar exames a partir de: /projects/F202500001HPCVLABEPICURE/andresousa615/rempe/data/test_noise_cleanse_v2.csv

A processar paciente: 133_S_0493__2008-05-23_09_44_290__I106672
  -> Exame está a (160, 240, 256). A aplicar Resize.
  -> Tempo Segmentação (GPU): 1.0514 s
  -> Tempo Anonimização: 0.0059 s

A processar paciente: 053_S_0507__2006-12-11_12_04_450__I32605
  -> Exame está a (170, 256, 256). A aplicar Resize.
  -> Tempo Segmentação (GPU): 0.7367 s
  -> Tempo Anonimização: 0.0031 s

A processar paciente: 023_S_0030__2006-10-12_14_06_110__I26207
  -> Exame está a (160, 240, 256). A aplicar Resize.
  -> Tempo Segmentação (GPU): 0.5852 s
  -> Tempo Anonimização: 0.0025 s

A processar paciente: 027_S_1385__2007-03-26_16_27_300__I46992
  -> Exame está a (160, 240, 256). A aplicar Resize.
  -> Tempo Segmentação (GPU): 0.5819 s
  -> Tempo Anonimização: 0.0028 s

A processar paciente: 133_S_0488__2006-06-02_14_53_240__I16438
  -> Exame está a (160, 240, 256). A aplicar Resize.
  -> Tempo Segmentação (GPU): 0.5992 s
  -> Tempo Anonimização: 0.0033 s

A processar paciente: 002_S_0816__2007-03-28_15_35_460__I47406
  -> Exame está a (170, 256, 256). A aplicar Resize.
  -> Tempo Segmentação (GPU): 0.7060 s
  -> Tempo Anonimização: 0.0053 s

A processar paciente: 133_S_0727__2006-11-29_12_05_060__I30788
  -> Exame está a (160, 240, 256). A aplicar Resize.
  -> Tempo Segmentação (GPU): 0.5828 s
  -> Tempo Anonimização: 0.0022 s

A processar paciente: 023_S_1126__2007-11-28_11_17_190__I83582
  -> Exame está a (160, 240, 256). A aplicar Resize.
  -> Tempo Segmentação (GPU): 0.5831 s
  -> Tempo Anonimização: 0.0038 s

A processar paciente: 133_S_0913__2007-01-18_09_28_260__I36702
  -> Exame está a (160, 240, 256). A aplicar Resize.
  -> Tempo Segmentação (GPU): 0.5796 s
  -> Tempo Anonimização: 0.0032 s

A processar paciente: 032_S_0677__2006-10-09_14_17_340__I26006
  -> Exame está a (160, 240, 256). A aplicar Resize.
  -> Tempo Segmentação (GPU): 0.5927 s
  -> Tempo Anonimização: 0.0043 s

A processar paciente: 002_S_1261__2007-02-27_13_28_070__I41799
  -> Exame está a (170, 256, 256). A aplicar Resize.
  -> Tempo Segmentação (GPU): 0.7061 s
  -> Tempo Anonimização: 0.0037 s

A processar paciente: 033_S_1279__2008-02-29_15_01_380__I94980
  -> Exame está a (160, 240, 256). A aplicar Resize.
  -> Tempo Segmentação (GPU): 0.6044 s
  -> Tempo Anonimização: 0.0027 s

A processar paciente: 037_S_0588__2007-07-03_10_28_410__I58529
  -> Exame está a (160, 240, 256). A aplicar Resize.
  -> Tempo Segmentação (GPU): 0.5837 s
  -> Tempo Anonimização: 0.0028 s

A processar paciente: 116_S_0649__2007-02-21_14_44_540__I41331
  -> Exame está a (160, 240, 256). A aplicar Resize.
  -> Tempo Segmentação (GPU): 0.6008 s
  -> Tempo Anonimização: 0.0028 s

A processar paciente: 033_S_1098__2008-12-11_15_18_110__I131103
  -> Exame está a (160, 240, 256). A aplicar Resize.
  -> Tempo Segmentação (GPU): 0.5858 s
  -> Tempo Anonimização: 0.0028 s

A processar paciente: 023_S_1046__2007-05-29_12_34_470__I55383
  -> Exame está a (160, 240, 256). A aplicar Resize.
  -> Tempo Segmentação (GPU): 0.5811 s
  -> Tempo Anonimização: 0.0034 s

A processar paciente: 018_S_0450__2006-12-08_10_11_490__I32424
  -> Exame está a (170, 256, 256). A aplicar Resize.
  -> Tempo Segmentação (GPU): 0.7020 s
  -> Tempo Anonimização: 0.0047 s

A processar paciente: 021_S_0753__2006-09-11_12_20_400__I24075
  -> Exame está a (160, 240, 256). A aplicar Resize.
  -> Tempo Segmentação (GPU): 0.5907 s
  -> Tempo Anonimização: 0.0036 s

A processar paciente: 016_S_1326__2007-04-02_11_56_410__I48263
  -> Exame está a (160, 240, 256). A aplicar Resize.
  -> Tempo Segmentação (GPU): 0.5862 s
  -> Tempo Anonimização: 0.0035 s

A processar paciente: 021_S_0332__2006-04-19_10_22_090__I13755
  -> Exame está a (160, 240, 256). A aplicar Resize.
  -> Tempo Segmentação (GPU): 0.5832 s
  -> Tempo Anonimização: 0.0030 s

A processar paciente: 027_S_0835__2006-09-28_09_23_190__I25344
  -> Exame está a (160, 240, 256). A aplicar Resize.
  -> Tempo Segmentação (GPU): 0.5851 s
  -> Tempo Anonimização: 0.0028 s

A processar paciente: 082_S_0640__2006-07-25_12_44_150__I19679
  -> Exame está a (160, 240, 256). A aplicar Resize.
  -> Tempo Segmentação (GPU): 0.5869 s
  -> Tempo Anonimização: 0.0030 s

A processar paciente: 018_S_0335__2006-11-28_15_27_370__I30710
  -> Exame está a (170, 256, 256). A aplicar Resize.
  -> Tempo Segmentação (GPU): 0.7092 s
  -> Tempo Anonimização: 0.0038 s

A processar paciente: 023_S_0331__2006-04-12_12_35_420__I13417
  -> Exame está a (160, 240, 256). A aplicar Resize.
  -> Tempo Segmentação (GPU): 0.5918 s
  -> Tempo Anonimização: 0.0026 s

A processar paciente: 082_S_0304__2008-04-17_11_05_530__I103594
  -> Exame está a (160, 240, 256). A aplicar Resize.
  -> Tempo Segmentação (GPU): 0.5812 s
  -> Tempo Anonimização: 0.0028 s

A processar paciente: 133_S_0912__2006-10-23_13_35_340__I27400
  -> Exame está a (160, 240, 256). A aplicar Resize.
  -> Tempo Segmentação (GPU): 0.5872 s
  -> Tempo Anonimização: 0.0026 s

A processar paciente: 020_S_1288__2007-03-13_11_30_170__I44672
  -> Exame está a (160, 240, 256). A aplicar Resize.
  -> Tempo Segmentação (GPU): 0.5878 s
  -> Tempo Anonimização: 0.0033 s

A processar paciente: 002_S_0954__2006-11-08_08_00_480__I29285
  -> Exame está a (170, 256, 256). A aplicar Resize.
  -> Tempo Segmentação (GPU): 0.7154 s
  -> Tempo Anonimização: 0.0032 s

=== SCRIPT DE INFERÊNCIA CONCLUÍDO ===
Exames processados. Verifica a pasta /projects/F202500001HPCVLABEPICURE/andresousa615/rempe/results/train_mednext_0.0005_mednext_aurora_16gb_vram_1120800/resultados_inferencia/
Tempo total de segmentação: 17.6672 s
Tempo total de anonimização: 0.0935 s
Tempo total de gravação: 1.2050 s
Tempo total do pipeline sem gravação: 17.7607 s
Tempo total do pipeline: 18.9657 s
Tempo médio de segmentação por exame: 0.6310 s
Tempo médio de anonimização por exame: 0.0033 s
Tempo médio de gravação por exame: 0.0430 s
Tempo médio total sem gravação por exame: 0.6343 s
Tempo médio total por exame: 0.6773 s
==========================================================
Inferência concluída em 47 segundos.
==========================================================
