==========================================================
 INICIANDO PIPELINE FIM-A-FIM (Job ID: 1120800)
 Head Node: gnx525
 Working Dir: /projects/F202500001HPCVLABEPICURE/andresousa615/rempe/results/train_mednext_0.0005_mednext_aurora_16gb_vram_1120800
2 NÓS - 2 GPUS/NÓ
==========================================================
Selected model: mednext
Selected model: mednext
Selected model: mednext
Selected model: mednext
Selected model: mednext
Selected model: mednext
Selected model: mednext
Selected model: mednext
[FASE 1 CONCLUÍDA] Duração: 1665 segundos.
----------------------------------------------------------
[FASE 2] A Gerar Gráficos de Treino...
A gerar gráficos a partir de: /projects/F202500001HPCVLABEPICURE/andresousa615/rempe/results/train_mednext_0.0005_mednext_aurora_16gb_vram_1120800/training_metrics.csv
✅ Gráfico guardado com sucesso em: /projects/F202500001HPCVLABEPICURE/andresousa615/rempe/results/train_mednext_0.0005_mednext_aurora_16gb_vram_1120800/training_plot.png
[FASE 2 CONCLUÍDA]
----------------------------------------------------------
[FASE 3] A Iniciar Inferência e Métricas de Teste...
A iniciar Inferência Física Distribuída (Geometria Alinhada com Treino)...
Total de exames a processar: 28

=======================================================
RESULTADOS FINAIS - AVALIAÇÃO FÍSICA ALINHADA
=======================================================
Total Exames Avaliados: 28
Average DSC (Dice Score): 0.6593
Average IoU (Jaccard):    0.8674

✅ Relatório de auditoria guardado em: /projects/F202500001HPCVLABEPICURE/andresousa615/rempe/results/train_mednext_0.0005_mednext_aurora_16gb_vram_1120800/test_metrics.csv
=======================================================
[FASE 3 CONCLUÍDA] Duração: 57 segundos.
----------------------------------------------------------
[FASE 4] A Renderizar Imagens 2D (Ray-Casting Paralelo)...
A iniciar a organização dos pares (Original vs Predição)...
Organização concluída: 28 pares prontos.
==================================================
A iniciar o pipeline de renderização Paralelizado...
[Rank 1] Vai processar 4 exames.[Rank 0] Vai processar 4 exames.

[Rank 3] Vai processar 4 exames.
[Rank 2] Vai processar 4 exames.
[Rank 5] Vai processar 3 exames.
[Rank 4] Vai processar 3 exames.
[Rank 6] Vai processar 3 exames.
[Rank 7] Vai processar 3 exames.
[FASE 4 CONCLUÍDA] Duração: 81 segundos.
----------------------------------------------------------
[FASE 5] A Iniciar Cálculo do Defacing Score...
[Rank 4] Vai processar 3 exames.
[Rank 5] Vai processar 3 exames.
[Rank 6] Vai processar 3 exames.
[Rank 7] Vai processar 3 exames.
A iniciar o cálculo de Defacing Score Distribuído (CNN Biometrics)...

[Rank 0] Vai processar 4 exames.
[Rank 3] Vai processar 4 exames.
[Rank 1] Vai processar 4 exames.
[Rank 2] Vai processar 4 exames.
[FASE 5 CONCLUÍDA] Duração: 690 segundos.
----------------------------------------------------------
==========================================================
 PIPELINE FINALIZADO COM SUCESSO!
 Tempo Total: 0h 41m
 Todos os resultados guardados em:
 /projects/F202500001HPCVLABEPICURE/andresousa615/rempe/results/train_mednext_0.0005_mednext_aurora_16gb_vram_1120800
==========================================================
