
The following have been reloaded with a version change:
  1) GCCcore/12.2.0 => GCCcore/12.3.0
  2) GMP/6.2.1-GCCcore-12.2.0 => GMP/6.2.1-GCCcore-12.3.0
  3) XZ/5.2.7-GCCcore-12.2.0 => XZ/5.4.2-GCCcore-12.3.0
  4) bzip2/1.0.8-GCCcore-12.2.0 => bzip2/1.0.8-GCCcore-12.3.0
  5) ncurses/6.3-GCCcore-12.2.0 => ncurses/6.4-GCCcore-12.3.0
  6) zlib/1.2.12-GCCcore-12.2.0 => zlib/1.2.13-GCCcore-12.3.0

I0328 23:01:35.186000 332108 site-packages/torch/distributed/launcher/api.py:194] Starting elastic_operator with launch configs:
I0328 23:01:35.186000 332108 site-packages/torch/distributed/launcher/api.py:194]   entrypoint       : test_DDP.py
I0328 23:01:35.186000 332108 site-packages/torch/distributed/launcher/api.py:194]   min_nodes        : 2
I0328 23:01:35.186000 332108 site-packages/torch/distributed/launcher/api.py:194]   max_nodes        : 2
I0328 23:01:35.186000 332108 site-packages/torch/distributed/launcher/api.py:194]   nproc_per_node   : 2
I0328 23:01:35.186000 332108 site-packages/torch/distributed/launcher/api.py:194]   run_id           : 1085603
I0328 23:01:35.186000 332108 site-packages/torch/distributed/launcher/api.py:194]   rdzv_backend     : c10d
I0328 23:01:35.186000 332108 site-packages/torch/distributed/launcher/api.py:194]   rdzv_endpoint    : gnx512:29500
I0328 23:01:35.186000 332108 site-packages/torch/distributed/launcher/api.py:194]   rdzv_configs     : {'timeout': 900}
I0328 23:01:35.186000 332108 site-packages/torch/distributed/launcher/api.py:194]   max_restarts     : 0
I0328 23:01:35.186000 332108 site-packages/torch/distributed/launcher/api.py:194]   monitor_interval : 0.1
I0328 23:01:35.186000 332108 site-packages/torch/distributed/launcher/api.py:194]   log_dir          : /tmp/torchelastic_p4jkg3at
I0328 23:01:35.186000 332108 site-packages/torch/distributed/launcher/api.py:194]   metrics_cfg      : {}
I0328 23:01:35.186000 332108 site-packages/torch/distributed/launcher/api.py:194] 
I0328 23:01:35.558000 4107992 site-packages/torch/distributed/launcher/api.py:194] Starting elastic_operator with launch configs:
I0328 23:01:35.558000 4107992 site-packages/torch/distributed/launcher/api.py:194]   entrypoint       : test_DDP.py
I0328 23:01:35.558000 4107992 site-packages/torch/distributed/launcher/api.py:194]   min_nodes        : 2
I0328 23:01:35.558000 4107992 site-packages/torch/distributed/launcher/api.py:194]   max_nodes        : 2
I0328 23:01:35.558000 4107992 site-packages/torch/distributed/launcher/api.py:194]   nproc_per_node   : 2
I0328 23:01:35.558000 4107992 site-packages/torch/distributed/launcher/api.py:194]   run_id           : 1085603
I0328 23:01:35.558000 4107992 site-packages/torch/distributed/launcher/api.py:194]   rdzv_backend     : c10d
I0328 23:01:35.558000 4107992 site-packages/torch/distributed/launcher/api.py:194]   rdzv_endpoint    : gnx512:29500
I0328 23:01:35.558000 4107992 site-packages/torch/distributed/launcher/api.py:194]   rdzv_configs     : {'timeout': 900}
I0328 23:01:35.558000 4107992 site-packages/torch/distributed/launcher/api.py:194]   max_restarts     : 0
I0328 23:01:35.558000 4107992 site-packages/torch/distributed/launcher/api.py:194]   monitor_interval : 0.1
I0328 23:01:35.558000 4107992 site-packages/torch/distributed/launcher/api.py:194]   log_dir          : /tmp/torchelastic_5nckip2e
I0328 23:01:35.558000 4107992 site-packages/torch/distributed/launcher/api.py:194]   metrics_cfg      : {}
I0328 23:01:35.558000 4107992 site-packages/torch/distributed/launcher/api.py:194] 
I0328 23:01:35.578000 4107992 site-packages/torch/distributed/elastic/agent/server/api.py:845] [default] starting workers for entrypoint: python3.10
I0328 23:01:35.578000 4107992 site-packages/torch/distributed/elastic/agent/server/api.py:662] [default] Rendezvous'ing worker group
I0328 23:01:35.778000 332108 site-packages/torch/distributed/elastic/agent/server/api.py:845] [default] starting workers for entrypoint: python3.10
I0328 23:01:35.778000 332108 site-packages/torch/distributed/elastic/agent/server/api.py:662] [default] Rendezvous'ing worker group
I0328 23:01:36.884000 4107992 site-packages/torch/distributed/elastic/agent/server/api.py:525] [default] Rendezvous complete for workers. Result:
I0328 23:01:36.884000 4107992 site-packages/torch/distributed/elastic/agent/server/api.py:525]   restart_count=0
I0328 23:01:36.884000 4107992 site-packages/torch/distributed/elastic/agent/server/api.py:525]   master_addr=gnx512
I0328 23:01:36.884000 4107992 site-packages/torch/distributed/elastic/agent/server/api.py:525]   master_port=29500
I0328 23:01:36.884000 4107992 site-packages/torch/distributed/elastic/agent/server/api.py:525]   group_rank=0
I0328 23:01:36.884000 4107992 site-packages/torch/distributed/elastic/agent/server/api.py:525]   group_world_size=2
I0328 23:01:36.884000 4107992 site-packages/torch/distributed/elastic/agent/server/api.py:525]   local_ranks=[0, 1]
I0328 23:01:36.884000 4107992 site-packages/torch/distributed/elastic/agent/server/api.py:525]   role_ranks=[0, 1]
I0328 23:01:36.884000 4107992 site-packages/torch/distributed/elastic/agent/server/api.py:525]   global_ranks=[0, 1]
I0328 23:01:36.884000 4107992 site-packages/torch/distributed/elastic/agent/server/api.py:525]   role_world_sizes=[4, 4]
I0328 23:01:36.884000 4107992 site-packages/torch/distributed/elastic/agent/server/api.py:525]   global_world_sizes=[4, 4]
I0328 23:01:36.884000 4107992 site-packages/torch/distributed/elastic/agent/server/api.py:525] 
I0328 23:01:36.884000 4107992 site-packages/torch/distributed/elastic/agent/server/api.py:670] [default] Starting worker group
I0328 23:01:36.884000 4107992 site-packages/torch/distributed/elastic/agent/server/local_elastic_agent.py:291] use_agent_store: True
I0328 23:01:36.885000 4107992 site-packages/torch/distributed/elastic/agent/server/local_elastic_agent.py:192] Environment variable 'TORCHELASTIC_ENABLE_FILE_TIMER' not found. Do not start FileTimerServer.
I0328 23:01:36.884000 332108 site-packages/torch/distributed/elastic/agent/server/api.py:525] [default] Rendezvous complete for workers. Result:
I0328 23:01:36.884000 332108 site-packages/torch/distributed/elastic/agent/server/api.py:525]   restart_count=0
I0328 23:01:36.884000 332108 site-packages/torch/distributed/elastic/agent/server/api.py:525]   master_addr=gnx512
I0328 23:01:36.884000 332108 site-packages/torch/distributed/elastic/agent/server/api.py:525]   master_port=29500
I0328 23:01:36.884000 332108 site-packages/torch/distributed/elastic/agent/server/api.py:525]   group_rank=1
I0328 23:01:36.884000 332108 site-packages/torch/distributed/elastic/agent/server/api.py:525]   group_world_size=2
I0328 23:01:36.884000 332108 site-packages/torch/distributed/elastic/agent/server/api.py:525]   local_ranks=[0, 1]
I0328 23:01:36.884000 332108 site-packages/torch/distributed/elastic/agent/server/api.py:525]   role_ranks=[2, 3]
I0328 23:01:36.885000 4107992 site-packages/torch/distributed/elastic/agent/server/local_elastic_agent.py:229] Environment variable 'TORCHELASTIC_HEALTH_CHECK_PORT' not found. Do not start health check.
I0328 23:01:36.884000 332108 site-packages/torch/distributed/elastic/agent/server/api.py:525]   global_ranks=[2, 3]
I0328 23:01:36.884000 332108 site-packages/torch/distributed/elastic/agent/server/api.py:525]   role_world_sizes=[4, 4]
I0328 23:01:36.884000 332108 site-packages/torch/distributed/elastic/agent/server/api.py:525]   global_world_sizes=[4, 4]
I0328 23:01:36.884000 332108 site-packages/torch/distributed/elastic/agent/server/api.py:525] 
I0328 23:01:36.885000 332108 site-packages/torch/distributed/elastic/agent/server/api.py:670] [default] Starting worker group
I0328 23:01:36.885000 332108 site-packages/torch/distributed/elastic/agent/server/local_elastic_agent.py:291] use_agent_store: True
I0328 23:01:36.885000 332108 site-packages/torch/distributed/elastic/agent/server/local_elastic_agent.py:192] Environment variable 'TORCHELASTIC_ENABLE_FILE_TIMER' not found. Do not start FileTimerServer.
I0328 23:01:36.885000 332108 site-packages/torch/distributed/elastic/agent/server/local_elastic_agent.py:229] Environment variable 'TORCHELASTIC_HEALTH_CHECK_PORT' not found. Do not start health check.
[rank3]:[W328 23:02:24.177933510 ProcessGroupNCCL.cpp:4115] [PG ID 0 PG GUID 0 Rank 3]  using GPU 1 to perform barrier as devices used by this process are currently unknown. This can potentially cause a hang if this rank to GPU mapping is incorrect.Specify device_ids in barrier() to force use of a particular device,or call init_process_group() with a device_id.
[rank2]:[W328 23:02:24.177933700 ProcessGroupNCCL.cpp:4115] [PG ID 0 PG GUID 0 Rank 2]  using GPU 0 to perform barrier as devices used by this process are currently unknown. This can potentially cause a hang if this rank to GPU mapping is incorrect.Specify device_ids in barrier() to force use of a particular device,or call init_process_group() with a device_id.
[rank1]:[W328 23:02:24.262849173 ProcessGroupNCCL.cpp:4115] [PG ID 0 PG GUID 0 Rank 1]  using GPU 1 to perform barrier as devices used by this process are currently unknown. This can potentially cause a hang if this rank to GPU mapping is incorrect.Specify device_ids in barrier() to force use of a particular device,or call init_process_group() with a device_id.
[rank0]:[W328 23:02:24.262860973 ProcessGroupNCCL.cpp:4115] [PG ID 0 PG GUID 0 Rank 0]  using GPU 0 to perform barrier as devices used by this process are currently unknown. This can potentially cause a hang if this rank to GPU mapping is incorrect.Specify device_ids in barrier() to force use of a particular device,or call init_process_group() with a device_id.
/projects/F202500001HPCVLABEPICURE/andresousa615/rempe/test_DDP.py:99: FutureWarning: You are using `torch.load` with `weights_only=False` (the current default value), which uses the default pickle module implicitly. It is possible to construct malicious pickle data which will execute arbitrary code during unpickling (See https://github.com/pytorch/pytorch/blob/main/SECURITY.md#untrusted-models for more details). In a future release, the default value for `weights_only` will be flipped to `True`. This limits the functions that could be executed during unpickling. Arbitrary objects will no longer be allowed to be loaded via this mode unless they are explicitly allowlisted by the user via `torch.serialization.add_safe_globals`. We recommend you start setting `weights_only=True` for any use case where you don't have full control of the loaded file. Please open an issue on GitHub for any issues related to this experimental feature.
  state_dict = torch.load(weights_path, map_location=device)
/projects/F202500001HPCVLABEPICURE/andresousa615/rempe/test_DDP.py:99: FutureWarning: You are using `torch.load` with `weights_only=False` (the current default value), which uses the default pickle module implicitly. It is possible to construct malicious pickle data which will execute arbitrary code during unpickling (See https://github.com/pytorch/pytorch/blob/main/SECURITY.md#untrusted-models for more details). In a future release, the default value for `weights_only` will be flipped to `True`. This limits the functions that could be executed during unpickling. Arbitrary objects will no longer be allowed to be loaded via this mode unless they are explicitly allowlisted by the user via `torch.serialization.add_safe_globals`. We recommend you start setting `weights_only=True` for any use case where you don't have full control of the loaded file. Please open an issue on GitHub for any issues related to this experimental feature.
  state_dict = torch.load(weights_path, map_location=device)
/projects/F202500001HPCVLABEPICURE/andresousa615/rempe/test_DDP.py:99: FutureWarning: You are using `torch.load` with `weights_only=False` (the current default value), which uses the default pickle module implicitly. It is possible to construct malicious pickle data which will execute arbitrary code during unpickling (See https://github.com/pytorch/pytorch/blob/main/SECURITY.md#untrusted-models for more details). In a future release, the default value for `weights_only` will be flipped to `True`. This limits the functions that could be executed during unpickling. Arbitrary objects will no longer be allowed to be loaded via this mode unless they are explicitly allowlisted by the user via `torch.serialization.add_safe_globals`. We recommend you start setting `weights_only=True` for any use case where you don't have full control of the loaded file. Please open an issue on GitHub for any issues related to this experimental feature.
  state_dict = torch.load(weights_path, map_location=device)
/projects/F202500001HPCVLABEPICURE/andresousa615/rempe/test_DDP.py:99: FutureWarning: You are using `torch.load` with `weights_only=False` (the current default value), which uses the default pickle module implicitly. It is possible to construct malicious pickle data which will execute arbitrary code during unpickling (See https://github.com/pytorch/pytorch/blob/main/SECURITY.md#untrusted-models for more details). In a future release, the default value for `weights_only` will be flipped to `True`. This limits the functions that could be executed during unpickling. Arbitrary objects will no longer be allowed to be loaded via this mode unless they are explicitly allowlisted by the user via `torch.serialization.add_safe_globals`. We recommend you start setting `weights_only=True` for any use case where you don't have full control of the loaded file. Please open an issue on GitHub for any issues related to this experimental feature.
  state_dict = torch.load(weights_path, map_location=device)
/home/andresousa615/.local/lib/python3.10/site-packages/numpy/core/fromnumeric.py:59: FutureWarning: 'DataFrame.swapaxes' is deprecated and will be removed in a future version. Please use 'DataFrame.transpose' instead.
  return bound(*args, **kwds)
/home/andresousa615/.local/lib/python3.10/site-packages/numpy/core/fromnumeric.py:59: FutureWarning: 'DataFrame.swapaxes' is deprecated and will be removed in a future version. Please use 'DataFrame.transpose' instead.
  return bound(*args, **kwds)
/home/andresousa615/.local/lib/python3.10/site-packages/numpy/core/fromnumeric.py:59: FutureWarning: 'DataFrame.swapaxes' is deprecated and will be removed in a future version. Please use 'DataFrame.transpose' instead.
  return bound(*args, **kwds)
/home/andresousa615/.local/lib/python3.10/site-packages/numpy/core/fromnumeric.py:59: FutureWarning: 'DataFrame.swapaxes' is deprecated and will be removed in a future version. Please use 'DataFrame.transpose' instead.
  return bound(*args, **kwds)
Progresso Global (Rank 0):   0%|          | 0/18 [00:00<?, ?it/s]Progresso Global (Rank 0):   6%|▌         | 1/18 [00:02<00:39,  2.35s/it]Progresso Global (Rank 0):  11%|█         | 2/18 [00:03<00:25,  1.61s/it]Progresso Global (Rank 0):  17%|█▋        | 3/18 [00:04<00:20,  1.38s/it]Progresso Global (Rank 0):  22%|██▏       | 4/18 [00:05<00:17,  1.27s/it]Progresso Global (Rank 0):  28%|██▊       | 5/18 [00:06<00:15,  1.20s/it]Progresso Global (Rank 0):  33%|███▎      | 6/18 [00:07<00:14,  1.18s/it]Progresso Global (Rank 0):  39%|███▉      | 7/18 [00:08<00:12,  1.14s/it]Progresso Global (Rank 0):  44%|████▍     | 8/18 [00:10<00:11,  1.14s/it]Progresso Global (Rank 0):  50%|█████     | 9/18 [00:11<00:10,  1.12s/it]Progresso Global (Rank 0):  56%|█████▌    | 10/18 [00:12<00:08,  1.12s/it]Progresso Global (Rank 0):  61%|██████    | 11/18 [00:13<00:07,  1.09s/it]Progresso Global (Rank 0):  67%|██████▋   | 12/18 [00:14<00:06,  1.09s/it]Progresso Global (Rank 0):  72%|███████▏  | 13/18 [00:15<00:05,  1.08s/it]Progresso Global (Rank 0):  78%|███████▊  | 14/18 [00:16<00:04,  1.09s/it]Progresso Global (Rank 0):  83%|████████▎ | 15/18 [00:17<00:03,  1.14s/it]Progresso Global (Rank 0):  89%|████████▉ | 16/18 [00:18<00:02,  1.12s/it]Progresso Global (Rank 0):  94%|█████████▍| 17/18 [00:19<00:01,  1.10s/it]Progresso Global (Rank 0): 100%|██████████| 18/18 [00:20<00:00,  1.09s/it]Progresso Global (Rank 0): 100%|██████████| 18/18 [00:21<00:00,  1.17s/it]
I0328 23:02:55.060000 4107992 site-packages/torch/distributed/elastic/agent/server/api.py:864] [default] worker group successfully finished. Waiting 300 seconds for other agents to finish.
I0328 23:02:55.060000 4107992 site-packages/torch/distributed/elastic/agent/server/api.py:917] Local worker group finished (WorkerState.SUCCEEDED). Waiting 300 seconds for other agents to finish
I0328 23:02:55.163000 332108 site-packages/torch/distributed/elastic/agent/server/api.py:864] [default] worker group successfully finished. Waiting 300 seconds for other agents to finish.
I0328 23:02:55.164000 332108 site-packages/torch/distributed/elastic/agent/server/api.py:917] Local worker group finished (WorkerState.SUCCEEDED). Waiting 300 seconds for other agents to finish
I0328 23:02:55.164000 4107992 site-packages/torch/distributed/elastic/agent/server/api.py:931] Done waiting for other agents. Elapsed: 0.10399293899536133 seconds
I0328 23:02:55.165000 332108 site-packages/torch/distributed/elastic/agent/server/api.py:931] Done waiting for other agents. Elapsed: 0.0013644695281982422 seconds
I0328 23:03:03.279000 332946 site-packages/torch/distributed/launcher/api.py:194] Starting elastic_operator with launch configs:
I0328 23:03:03.279000 332946 site-packages/torch/distributed/launcher/api.py:194]   entrypoint       : after_training/process_all_exams_ddp.py
I0328 23:03:03.279000 332946 site-packages/torch/distributed/launcher/api.py:194]   min_nodes        : 2
I0328 23:03:03.279000 332946 site-packages/torch/distributed/launcher/api.py:194]   max_nodes        : 2
I0328 23:03:03.279000 332946 site-packages/torch/distributed/launcher/api.py:194]   nproc_per_node   : 4
I0328 23:03:03.279000 332946 site-packages/torch/distributed/launcher/api.py:194]   run_id           : 1085603
I0328 23:03:03.279000 332946 site-packages/torch/distributed/launcher/api.py:194]   rdzv_backend     : c10d
I0328 23:03:03.279000 332946 site-packages/torch/distributed/launcher/api.py:194]   rdzv_endpoint    : gnx512:29500
I0328 23:03:03.279000 332946 site-packages/torch/distributed/launcher/api.py:194]   rdzv_configs     : {'timeout': 900}
I0328 23:03:03.279000 332946 site-packages/torch/distributed/launcher/api.py:194]   max_restarts     : 0
I0328 23:03:03.279000 332946 site-packages/torch/distributed/launcher/api.py:194]   monitor_interval : 0.1
I0328 23:03:03.279000 332946 site-packages/torch/distributed/launcher/api.py:194]   log_dir          : /tmp/torchelastic_k41_f8kx
I0328 23:03:03.279000 332946 site-packages/torch/distributed/launcher/api.py:194]   metrics_cfg      : {}
I0328 23:03:03.279000 332946 site-packages/torch/distributed/launcher/api.py:194] 
I0328 23:03:05.522000 4108840 site-packages/torch/distributed/launcher/api.py:194] Starting elastic_operator with launch configs:
I0328 23:03:05.522000 4108840 site-packages/torch/distributed/launcher/api.py:194]   entrypoint       : after_training/process_all_exams_ddp.py
I0328 23:03:05.522000 4108840 site-packages/torch/distributed/launcher/api.py:194]   min_nodes        : 2
I0328 23:03:05.522000 4108840 site-packages/torch/distributed/launcher/api.py:194]   max_nodes        : 2
I0328 23:03:05.522000 4108840 site-packages/torch/distributed/launcher/api.py:194]   nproc_per_node   : 4
I0328 23:03:05.522000 4108840 site-packages/torch/distributed/launcher/api.py:194]   run_id           : 1085603
I0328 23:03:05.522000 4108840 site-packages/torch/distributed/launcher/api.py:194]   rdzv_backend     : c10d
I0328 23:03:05.522000 4108840 site-packages/torch/distributed/launcher/api.py:194]   rdzv_endpoint    : gnx512:29500
I0328 23:03:05.522000 4108840 site-packages/torch/distributed/launcher/api.py:194]   rdzv_configs     : {'timeout': 900}
I0328 23:03:05.522000 4108840 site-packages/torch/distributed/launcher/api.py:194]   max_restarts     : 0
I0328 23:03:05.522000 4108840 site-packages/torch/distributed/launcher/api.py:194]   monitor_interval : 0.1
I0328 23:03:05.522000 4108840 site-packages/torch/distributed/launcher/api.py:194]   log_dir          : /tmp/torchelastic_2q3mkx5d
I0328 23:03:05.522000 4108840 site-packages/torch/distributed/launcher/api.py:194]   metrics_cfg      : {}
I0328 23:03:05.522000 4108840 site-packages/torch/distributed/launcher/api.py:194] 
I0328 23:03:05.528000 4108840 site-packages/torch/distributed/elastic/agent/server/api.py:845] [default] starting workers for entrypoint: python3.10
I0328 23:03:05.529000 4108840 site-packages/torch/distributed/elastic/agent/server/api.py:662] [default] Rendezvous'ing worker group
I0328 23:03:05.676000 332946 site-packages/torch/distributed/elastic/agent/server/api.py:845] [default] starting workers for entrypoint: python3.10
I0328 23:03:05.677000 332946 site-packages/torch/distributed/elastic/agent/server/api.py:662] [default] Rendezvous'ing worker group
I0328 23:03:06.598000 4108840 site-packages/torch/distributed/elastic/agent/server/api.py:525] [default] Rendezvous complete for workers. Result:
I0328 23:03:06.598000 4108840 site-packages/torch/distributed/elastic/agent/server/api.py:525]   restart_count=0
I0328 23:03:06.598000 4108840 site-packages/torch/distributed/elastic/agent/server/api.py:525]   master_addr=gnx512
I0328 23:03:06.598000 4108840 site-packages/torch/distributed/elastic/agent/server/api.py:525]   master_port=29500
I0328 23:03:06.598000 4108840 site-packages/torch/distributed/elastic/agent/server/api.py:525]   group_rank=0
I0328 23:03:06.598000 4108840 site-packages/torch/distributed/elastic/agent/server/api.py:525]   group_world_size=2
I0328 23:03:06.598000 4108840 site-packages/torch/distributed/elastic/agent/server/api.py:525]   local_ranks=[0, 1, 2, 3]
I0328 23:03:06.598000 4108840 site-packages/torch/distributed/elastic/agent/server/api.py:525]   role_ranks=[0, 1, 2, 3]
I0328 23:03:06.598000 4108840 site-packages/torch/distributed/elastic/agent/server/api.py:525]   global_ranks=[0, 1, 2, 3]
I0328 23:03:06.598000 4108840 site-packages/torch/distributed/elastic/agent/server/api.py:525]   role_world_sizes=[8, 8, 8, 8]
I0328 23:03:06.598000 4108840 site-packages/torch/distributed/elastic/agent/server/api.py:525]   global_world_sizes=[8, 8, 8, 8]
I0328 23:03:06.598000 4108840 site-packages/torch/distributed/elastic/agent/server/api.py:525] 
I0328 23:03:06.598000 4108840 site-packages/torch/distributed/elastic/agent/server/api.py:670] [default] Starting worker group
I0328 23:03:06.598000 4108840 site-packages/torch/distributed/elastic/agent/server/local_elastic_agent.py:291] use_agent_store: True
I0328 23:03:06.599000 4108840 site-packages/torch/distributed/elastic/agent/server/local_elastic_agent.py:192] Environment variable 'TORCHELASTIC_ENABLE_FILE_TIMER' not found. Do not start FileTimerServer.
I0328 23:03:06.598000 332946 site-packages/torch/distributed/elastic/agent/server/api.py:525] [default] Rendezvous complete for workers. Result:
I0328 23:03:06.598000 332946 site-packages/torch/distributed/elastic/agent/server/api.py:525]   restart_count=0
I0328 23:03:06.598000 332946 site-packages/torch/distributed/elastic/agent/server/api.py:525]   master_addr=gnx512
I0328 23:03:06.598000 332946 site-packages/torch/distributed/elastic/agent/server/api.py:525]   master_port=29500
I0328 23:03:06.598000 332946 site-packages/torch/distributed/elastic/agent/server/api.py:525]   group_rank=1
I0328 23:03:06.598000 332946 site-packages/torch/distributed/elastic/agent/server/api.py:525]   group_world_size=2
I0328 23:03:06.598000 332946 site-packages/torch/distributed/elastic/agent/server/api.py:525]   local_ranks=[0, 1, 2, 3]
I0328 23:03:06.598000 332946 site-packages/torch/distributed/elastic/agent/server/api.py:525]   role_ranks=[4, 5, 6, 7]
I0328 23:03:06.598000 332946 site-packages/torch/distributed/elastic/agent/server/api.py:525]   global_ranks=[4, 5, 6, 7]
I0328 23:03:06.598000 332946 site-packages/torch/distributed/elastic/agent/server/api.py:525]   role_world_sizes=[8, 8, 8, 8]
I0328 23:03:06.598000 332946 site-packages/torch/distributed/elastic/agent/server/api.py:525]   global_world_sizes=[8, 8, 8, 8]
I0328 23:03:06.598000 332946 site-packages/torch/distributed/elastic/agent/server/api.py:525] 
I0328 23:03:06.599000 4108840 site-packages/torch/distributed/elastic/agent/server/local_elastic_agent.py:229] Environment variable 'TORCHELASTIC_HEALTH_CHECK_PORT' not found. Do not start health check.
I0328 23:03:06.599000 332946 site-packages/torch/distributed/elastic/agent/server/api.py:670] [default] Starting worker group
I0328 23:03:06.599000 332946 site-packages/torch/distributed/elastic/agent/server/local_elastic_agent.py:291] use_agent_store: True
I0328 23:03:06.599000 332946 site-packages/torch/distributed/elastic/agent/server/local_elastic_agent.py:192] Environment variable 'TORCHELASTIC_ENABLE_FILE_TIMER' not found. Do not start FileTimerServer.
I0328 23:03:06.599000 332946 site-packages/torch/distributed/elastic/agent/server/local_elastic_agent.py:229] Environment variable 'TORCHELASTIC_HEALTH_CHECK_PORT' not found. Do not start health check.
[0m[33m2026-03-28 23:03:53.338 (  42.203s) [    7FC7E867E140]vtkXOpenGLRenderWindow.:1460  WARN| bad X server connection. DISPLAY=:99[0m
[0m[33m2026-03-28 23:03:53.338 (  42.203s) [    7FD83F395140]vtkXOpenGLRenderWindow.:1460  WARN| bad X server connection. DISPLAY=:99[0m
[0m[33m2026-03-28 23:03:53.338 (  42.203s) [    7F46328D0140]vtkXOpenGLRenderWindow.:1460  WARN| bad X server connection. DISPLAY=:99[0m
[0m[33m2026-03-28 23:03:53.338 (  42.203s) [    7F6281C6C140]vtkXOpenGLRenderWindow.:1460  WARN| bad X server connection. DISPLAY=:99[0m
I0328 23:04:57.669000 4108840 site-packages/torch/distributed/elastic/agent/server/api.py:864] [default] worker group successfully finished. Waiting 300 seconds for other agents to finish.
I0328 23:04:57.669000 4108840 site-packages/torch/distributed/elastic/agent/server/api.py:917] Local worker group finished (WorkerState.SUCCEEDED). Waiting 300 seconds for other agents to finish
I0328 23:05:05.100000 332946 site-packages/torch/distributed/elastic/agent/server/api.py:864] [default] worker group successfully finished. Waiting 300 seconds for other agents to finish.
I0328 23:05:05.101000 332946 site-packages/torch/distributed/elastic/agent/server/api.py:917] Local worker group finished (WorkerState.SUCCEEDED). Waiting 300 seconds for other agents to finish
I0328 23:05:05.101000 332946 site-packages/torch/distributed/elastic/agent/server/api.py:931] Done waiting for other agents. Elapsed: 0.0003685951232910156 seconds
I0328 23:05:05.102000 4108840 site-packages/torch/distributed/elastic/agent/server/api.py:931] Done waiting for other agents. Elapsed: 7.432097911834717 seconds
I0328 23:05:10.592000 333330 site-packages/torch/distributed/launcher/api.py:194] Starting elastic_operator with launch configs:
I0328 23:05:10.592000 333330 site-packages/torch/distributed/launcher/api.py:194]   entrypoint       : after_training/calculate_defacing_score_ddp.py
I0328 23:05:10.592000 333330 site-packages/torch/distributed/launcher/api.py:194]   min_nodes        : 2
I0328 23:05:10.592000 333330 site-packages/torch/distributed/launcher/api.py:194]   max_nodes        : 2
I0328 23:05:10.592000 333330 site-packages/torch/distributed/launcher/api.py:194]   nproc_per_node   : 2
I0328 23:05:10.592000 333330 site-packages/torch/distributed/launcher/api.py:194]   run_id           : 1085603
I0328 23:05:10.592000 333330 site-packages/torch/distributed/launcher/api.py:194]   rdzv_backend     : c10d
I0328 23:05:10.592000 333330 site-packages/torch/distributed/launcher/api.py:194]   rdzv_endpoint    : gnx512:29500
I0328 23:05:10.592000 333330 site-packages/torch/distributed/launcher/api.py:194]   rdzv_configs     : {'timeout': 900}
I0328 23:05:10.592000 333330 site-packages/torch/distributed/launcher/api.py:194]   max_restarts     : 0
I0328 23:05:10.592000 333330 site-packages/torch/distributed/launcher/api.py:194]   monitor_interval : 0.1
I0328 23:05:10.592000 333330 site-packages/torch/distributed/launcher/api.py:194]   log_dir          : /tmp/torchelastic_l4u7z8de
I0328 23:05:10.592000 333330 site-packages/torch/distributed/launcher/api.py:194]   metrics_cfg      : {}
I0328 23:05:10.592000 333330 site-packages/torch/distributed/launcher/api.py:194] 
I0328 23:05:12.839000 4119125 site-packages/torch/distributed/launcher/api.py:194] Starting elastic_operator with launch configs:
I0328 23:05:12.839000 4119125 site-packages/torch/distributed/launcher/api.py:194]   entrypoint       : after_training/calculate_defacing_score_ddp.py
I0328 23:05:12.839000 4119125 site-packages/torch/distributed/launcher/api.py:194]   min_nodes        : 2
I0328 23:05:12.839000 4119125 site-packages/torch/distributed/launcher/api.py:194]   max_nodes        : 2
I0328 23:05:12.839000 4119125 site-packages/torch/distributed/launcher/api.py:194]   nproc_per_node   : 2
I0328 23:05:12.839000 4119125 site-packages/torch/distributed/launcher/api.py:194]   run_id           : 1085603
I0328 23:05:12.839000 4119125 site-packages/torch/distributed/launcher/api.py:194]   rdzv_backend     : c10d
I0328 23:05:12.839000 4119125 site-packages/torch/distributed/launcher/api.py:194]   rdzv_endpoint    : gnx512:29500
I0328 23:05:12.839000 4119125 site-packages/torch/distributed/launcher/api.py:194]   rdzv_configs     : {'timeout': 900}
I0328 23:05:12.839000 4119125 site-packages/torch/distributed/launcher/api.py:194]   max_restarts     : 0
I0328 23:05:12.839000 4119125 site-packages/torch/distributed/launcher/api.py:194]   monitor_interval : 0.1
I0328 23:05:12.839000 4119125 site-packages/torch/distributed/launcher/api.py:194]   log_dir          : /tmp/torchelastic_qlr2mp39
I0328 23:05:12.839000 4119125 site-packages/torch/distributed/launcher/api.py:194]   metrics_cfg      : {}
I0328 23:05:12.839000 4119125 site-packages/torch/distributed/launcher/api.py:194] 
I0328 23:05:12.845000 4119125 site-packages/torch/distributed/elastic/agent/server/api.py:845] [default] starting workers for entrypoint: python3.10
I0328 23:05:12.846000 4119125 site-packages/torch/distributed/elastic/agent/server/api.py:662] [default] Rendezvous'ing worker group
I0328 23:05:14.300000 333330 site-packages/torch/distributed/elastic/agent/server/api.py:845] [default] starting workers for entrypoint: python3.10
I0328 23:05:14.300000 333330 site-packages/torch/distributed/elastic/agent/server/api.py:662] [default] Rendezvous'ing worker group
I0328 23:05:14.966000 4119125 site-packages/torch/distributed/elastic/agent/server/api.py:525] [default] Rendezvous complete for workers. Result:
I0328 23:05:14.966000 4119125 site-packages/torch/distributed/elastic/agent/server/api.py:525]   restart_count=0
I0328 23:05:14.966000 4119125 site-packages/torch/distributed/elastic/agent/server/api.py:525]   master_addr=gnx512
I0328 23:05:14.966000 4119125 site-packages/torch/distributed/elastic/agent/server/api.py:525]   master_port=29500
I0328 23:05:14.966000 4119125 site-packages/torch/distributed/elastic/agent/server/api.py:525]   group_rank=0
I0328 23:05:14.966000 4119125 site-packages/torch/distributed/elastic/agent/server/api.py:525]   group_world_size=2
I0328 23:05:14.966000 4119125 site-packages/torch/distributed/elastic/agent/server/api.py:525]   local_ranks=[0, 1]
I0328 23:05:14.966000 4119125 site-packages/torch/distributed/elastic/agent/server/api.py:525]   role_ranks=[0, 1]
I0328 23:05:14.966000 4119125 site-packages/torch/distributed/elastic/agent/server/api.py:525]   global_ranks=[0, 1]
I0328 23:05:14.966000 4119125 site-packages/torch/distributed/elastic/agent/server/api.py:525]   role_world_sizes=[4, 4]
I0328 23:05:14.966000 4119125 site-packages/torch/distributed/elastic/agent/server/api.py:525]   global_world_sizes=[4, 4]
I0328 23:05:14.966000 4119125 site-packages/torch/distributed/elastic/agent/server/api.py:525] 
I0328 23:05:14.967000 4119125 site-packages/torch/distributed/elastic/agent/server/api.py:670] [default] Starting worker group
I0328 23:05:14.966000 333330 site-packages/torch/distributed/elastic/agent/server/api.py:525] [default] Rendezvous complete for workers. Result:
I0328 23:05:14.966000 333330 site-packages/torch/distributed/elastic/agent/server/api.py:525]   restart_count=0
I0328 23:05:14.966000 333330 site-packages/torch/distributed/elastic/agent/server/api.py:525]   master_addr=gnx512
I0328 23:05:14.966000 333330 site-packages/torch/distributed/elastic/agent/server/api.py:525]   master_port=29500
I0328 23:05:14.966000 333330 site-packages/torch/distributed/elastic/agent/server/api.py:525]   group_rank=1
I0328 23:05:14.966000 333330 site-packages/torch/distributed/elastic/agent/server/api.py:525]   group_world_size=2
I0328 23:05:14.966000 333330 site-packages/torch/distributed/elastic/agent/server/api.py:525]   local_ranks=[0, 1]
I0328 23:05:14.966000 333330 site-packages/torch/distributed/elastic/agent/server/api.py:525]   role_ranks=[2, 3]
I0328 23:05:14.967000 4119125 site-packages/torch/distributed/elastic/agent/server/local_elastic_agent.py:291] use_agent_store: True
I0328 23:05:14.966000 333330 site-packages/torch/distributed/elastic/agent/server/api.py:525]   global_ranks=[2, 3]
I0328 23:05:14.966000 333330 site-packages/torch/distributed/elastic/agent/server/api.py:525]   role_world_sizes=[4, 4]
I0328 23:05:14.966000 333330 site-packages/torch/distributed/elastic/agent/server/api.py:525]   global_world_sizes=[4, 4]
I0328 23:05:14.966000 333330 site-packages/torch/distributed/elastic/agent/server/api.py:525] 
I0328 23:05:14.967000 333330 site-packages/torch/distributed/elastic/agent/server/api.py:670] [default] Starting worker group
I0328 23:05:14.967000 4119125 site-packages/torch/distributed/elastic/agent/server/local_elastic_agent.py:192] Environment variable 'TORCHELASTIC_ENABLE_FILE_TIMER' not found. Do not start FileTimerServer.
I0328 23:05:14.967000 333330 site-packages/torch/distributed/elastic/agent/server/local_elastic_agent.py:291] use_agent_store: True
I0328 23:05:14.967000 4119125 site-packages/torch/distributed/elastic/agent/server/local_elastic_agent.py:229] Environment variable 'TORCHELASTIC_HEALTH_CHECK_PORT' not found. Do not start health check.
I0328 23:05:14.967000 333330 site-packages/torch/distributed/elastic/agent/server/local_elastic_agent.py:192] Environment variable 'TORCHELASTIC_ENABLE_FILE_TIMER' not found. Do not start FileTimerServer.
I0328 23:05:14.967000 333330 site-packages/torch/distributed/elastic/agent/server/local_elastic_agent.py:229] Environment variable 'TORCHELASTIC_HEALTH_CHECK_PORT' not found. Do not start health check.
/projects/F202500001HPCVLABEPICURE/andresousa615/env_mede/lib/python3.10/site-packages/face_recognition_models/__init__.py:7: UserWarning: pkg_resources is deprecated as an API. See https://setuptools.pypa.io/en/latest/pkg_resources.html. The pkg_resources package is slated for removal as early as 2025-11-30. Refrain from using this package or pin to Setuptools<81.
  from pkg_resources import resource_filename
/projects/F202500001HPCVLABEPICURE/andresousa615/env_mede/lib/python3.10/site-packages/face_recognition_models/__init__.py:7: UserWarning: pkg_resources is deprecated as an API. See https://setuptools.pypa.io/en/latest/pkg_resources.html. The pkg_resources package is slated for removal as early as 2025-11-30. Refrain from using this package or pin to Setuptools<81.
  from pkg_resources import resource_filename
/projects/F202500001HPCVLABEPICURE/andresousa615/env_mede/lib/python3.10/site-packages/face_recognition_models/__init__.py:7: UserWarning: pkg_resources is deprecated as an API. See https://setuptools.pypa.io/en/latest/pkg_resources.html. The pkg_resources package is slated for removal as early as 2025-11-30. Refrain from using this package or pin to Setuptools<81.
  from pkg_resources import resource_filename
/projects/F202500001HPCVLABEPICURE/andresousa615/env_mede/lib/python3.10/site-packages/face_recognition_models/__init__.py:7: UserWarning: pkg_resources is deprecated as an API. See https://setuptools.pypa.io/en/latest/pkg_resources.html. The pkg_resources package is slated for removal as early as 2025-11-30. Refrain from using this package or pin to Setuptools<81.
  from pkg_resources import resource_filename
I0328 23:09:17.962000 4119125 site-packages/torch/distributed/elastic/agent/server/api.py:864] [default] worker group successfully finished. Waiting 300 seconds for other agents to finish.
I0328 23:09:17.963000 4119125 site-packages/torch/distributed/elastic/agent/server/api.py:917] Local worker group finished (WorkerState.SUCCEEDED). Waiting 300 seconds for other agents to finish
I0328 23:09:17.965000 333330 site-packages/torch/distributed/elastic/agent/server/api.py:864] [default] worker group successfully finished. Waiting 300 seconds for other agents to finish.
I0328 23:09:17.966000 333330 site-packages/torch/distributed/elastic/agent/server/api.py:917] Local worker group finished (WorkerState.SUCCEEDED). Waiting 300 seconds for other agents to finish
I0328 23:09:17.967000 4119125 site-packages/torch/distributed/elastic/agent/server/api.py:931] Done waiting for other agents. Elapsed: 0.0033385753631591797 seconds
I0328 23:09:17.967000 333330 site-packages/torch/distributed/elastic/agent/server/api.py:931] Done waiting for other agents. Elapsed: 0.0004775524139404297 seconds
