==========================================================
 INICIANDO PIPELINE FIM-A-FIM (Job ID: 1109525)
 Head Node: gnx503
 Working Dir: /projects/F202500001HPCVLABEPICURE/andresousa615/rempe/results/train_mednext_0.0005_mednext_aurora_16gb_vram_1109525
2 NÓS - 2 GPUS/NÓ
==========================================================
Selected model: mednext
Selected model: mednext
Selected model: mednext
Selected model: mednext
[FASE 1 CONCLUÍDA] Duração: 1779 segundos.
----------------------------------------------------------
[FASE 2] A Gerar Gráficos de Treino...
A gerar gráficos a partir de: /projects/F202500001HPCVLABEPICURE/andresousa615/rempe/results/train_mednext_0.0005_mednext_aurora_16gb_vram_1109525/training_metrics.csv
✅ Gráfico guardado com sucesso em: /projects/F202500001HPCVLABEPICURE/andresousa615/rempe/results/train_mednext_0.0005_mednext_aurora_16gb_vram_1109525/training_plot.png
[FASE 2 CONCLUÍDA]
----------------------------------------------------------
[FASE 3] A Iniciar Inferência e Métricas de Teste...
A iniciar Inferência Física Distribuída (Híbrida com DataLoader)...
Total de exames a processar: 71

=======================================================
RESULTADOS FINAIS - AVALIAÇÃO FÍSICA
=======================================================
Total Exames Avaliados: 71
Average DSC (Dice Score): 0.4565
Average IoU (Jaccard):    0.3149

✅ Relatório de auditoria guardado em: /projects/F202500001HPCVLABEPICURE/andresousa615/rempe/results/train_mednext_0.0005_mednext_aurora_16gb_vram_1109525/test_metrics.csv
=======================================================
[FASE 3 CONCLUÍDA] Duração: 69 segundos.
----------------------------------------------------------
[FASE 4] A Renderizar Imagens 2D (Ray-Casting Paralelo)...
A iniciar a organização dos pares (Original vs Predição)...
Organização concluída: 71 pares prontos.
==================================================
A iniciar o pipeline de renderização Paralelizado...
[Rank 1] Vai processar 18 exames.
[Rank 0] Vai processar 18 exames.
[Rank 2] Vai processar 18 exames.
[Rank 3] Vai processar 17 exames.
[FASE 4 CONCLUÍDA] Duração: 164 segundos.
----------------------------------------------------------
[FASE 5] A Iniciar Cálculo do Defacing Score...
[Rank 2] Vai processar 18 exames.
[Rank 3] Vai processar 17 exames.
A iniciar o cálculo de Defacing Score Distribuído (CNN Biometrics)...

[Rank 0] Vai processar 18 exames.
[Rank 1] Vai processar 18 exames.
