A iniciar o cálculo de Defacing Score por Biometria Topológica...


[Processing] 002_S_0954__2006-11-08_08_00_480__I29285...
[Green Light] 002_S_0954__2006-11-08_08_00_480__I29285: Biometria validada. A testar anonimização...
  -> Sucesso: Características faciais centrais eliminadas.

[Processing] 023_S_0061__2005-12-20_15_54_410__I9530...
[Green Light] 023_S_0061__2005-12-20_15_54_410__I9530: Biometria validada. A testar anonimização...
  -> Sucesso: Características faciais centrais eliminadas.

[Processing] 023_S_1126__2007-11-28_11_17_190__I83582...
[Green Light] 023_S_1126__2007-11-28_11_17_190__I83582: Biometria validada. A testar anonimização...
  -> Sucesso: Características faciais centrais eliminadas.

[Processing] 027_S_1385__2007-03-26_16_27_300__I46992...
[Green Light] 027_S_1385__2007-03-26_16_27_300__I46992: Biometria validada. A testar anonimização...
  -> Sucesso: Características faciais centrais eliminadas.

[Processing] 033_S_1098__2008-12-11_15_18_110__I131103...
[Controlo Falhou] 033_S_1098__2008-12-11_15_18_110__I131103: Sem biometria central no original.

[Processing] 133_S_0913__2007-01-18_09_28_260__I36702...
[Controlo Falhou] 133_S_0913__2007-01-18_09_28_260__I36702: Sem biometria central no original.

[Processing] 016_S_1326__2007-04-02_11_56_410__I48263...
[Green Light] 016_S_1326__2007-04-02_11_56_410__I48263: Biometria validada. A testar anonimização...
  -> Sucesso: Características faciais centrais eliminadas.

[Processing] infant_t1_13...
[Green Light] infant_t1_13: Biometria validada. A testar anonimização...
  -> Sucesso: Características faciais centrais eliminadas.

[Processing] 116_S_0392__2006-12-04_16_37_110__I32201...
[Green Light] 116_S_0392__2006-12-04_16_37_110__I32201: Biometria validada. A testar anonimização...
  -> Sucesso: Características faciais centrais eliminadas.

[Processing] 023_S_1262__2007-02-28_09_13_100__I41822...
[Green Light] 023_S_1262__2007-02-28_09_13_100__I41822: Biometria validada. A testar anonimização...
  -> Sucesso: Características faciais centrais eliminadas.

[Processing] 033_S_0733__2006-08-18_14_23_510__I21947...
[Green Light] 033_S_0733__2006-08-18_14_23_510__I21947: Biometria validada. A testar anonimização...
  -> Sucesso: Características faciais centrais eliminadas.

[Processing] 133_S_0638__2008-09-11_09_43_050__I117795...
[Controlo Falhou] 133_S_0638__2008-09-11_09_43_050__I117795: Sem biometria central no original.

[Processing] 033_S_1279__2008-02-29_15_01_380__I94980...
[Green Light] 033_S_1279__2008-02-29_15_01_380__I94980: Biometria validada. A testar anonimização...
  -> Sucesso: Características faciais centrais eliminadas.

[Processing] 023_S_0030__2006-10-12_14_06_110__I26207...
[Green Light] 023_S_0030__2006-10-12_14_06_110__I26207: Biometria validada. A testar anonimização...
  -> FALHA CRÍTICA: Identidade reconhecida (Dist: 0.50).

[Processing] 082_S_0304__2008-04-17_11_05_530__I103594...
[Green Light] 082_S_0304__2008-04-17_11_05_530__I103594: Biometria validada. A testar anonimização...
  -> Sucesso: Características faciais centrais eliminadas.

[Processing] 021_S_0332__2006-04-19_10_22_090__I13755...
[Green Light] 021_S_0332__2006-04-19_10_22_090__I13755: Biometria validada. A testar anonimização...
  -> Sucesso: Características faciais centrais eliminadas.

[Processing] 051_S_1131__2007-01-18_11_49_060__I36802...
[Green Light] 051_S_1131__2007-01-18_11_49_060__I36802: Biometria validada. A testar anonimização...
  -> Sucesso: Características faciais centrais eliminadas.

[Processing] 032_S_1169__2009-01-21_10_37_400__I134314...
[Green Light] 032_S_1169__2009-01-21_10_37_400__I134314: Biometria validada. A testar anonimização...
  -> Sucesso: Características faciais centrais eliminadas.

[Processing] 051_S_1123__2007-02-06_12_14_260__I38262...
[Green Light] 051_S_1123__2007-02-06_12_14_260__I38262: Biometria validada. A testar anonimização...
  -> Sucesso: Características faciais centrais eliminadas.

[Processing] 023_S_0926__2006-10-16_12_41_540__I26376...
[Green Light] 023_S_0926__2006-10-16_12_41_540__I26376: Biometria validada. A testar anonimização...
  -> Sucesso: Características faciais centrais eliminadas.

[Processing] 002_S_1268__2009-03-04_15_14_550__I137716...
[Green Light] 002_S_1268__2009-03-04_15_14_550__I137716: Biometria validada. A testar anonimização...
  -> Sucesso: Características faciais centrais eliminadas.

[Processing] 023_S_0963__2006-10-17_11_28_260__I26430...
[Green Light] 023_S_0963__2006-10-17_11_28_260__I26430: Biometria validada. A testar anonimização...
  -> Sucesso: Características faciais centrais eliminadas.

[Processing] 027_S_0417__2006-05-31_11_31_530__I16224...
[Green Light] 027_S_0417__2006-05-31_11_31_530__I16224: Biometria validada. A testar anonimização...
  -> Sucesso: Características faciais centrais eliminadas.

[Processing] 002_S_0559__2006-12-12_09_59_240__I32918...
[Green Light] 002_S_0559__2006-12-12_09_59_240__I32918: Biometria validada. A testar anonimização...
  -> Sucesso: Características faciais centrais eliminadas.

[Processing] 002_S_0816__2007-03-28_15_35_460__I47406...
[Green Light] 002_S_0816__2007-03-28_15_35_460__I47406: Biometria validada. A testar anonimização...
  -> Sucesso: Características faciais centrais eliminadas.

[Processing] 032_S_0187__2006-03-14_10_43_340__I11954...
[Green Light] 032_S_0187__2006-03-14_10_43_340__I11954: Biometria validada. A testar anonimização...
  -> Sucesso: Características faciais centrais eliminadas.

[Processing] 018_S_0406__2006-12-05_12_15_480__I31753...
[Green Light] 018_S_0406__2006-12-05_12_15_480__I31753: Biometria validada. A testar anonimização...
  -> Sucesso: Características faciais centrais eliminadas.

[Processing] 031_S_0568__2006-12-06_10_16_570__I32131...
[Green Light] 031_S_0568__2006-12-06_10_16_570__I32131: Biometria validada. A testar anonimização...
  -> Sucesso: Características faciais centrais eliminadas.

[Processing] 023_S_0139__2006-02-06_12_11_270__I10861...
[Green Light] 023_S_0139__2006-02-06_12_11_270__I10861: Biometria validada. A testar anonimização...
  -> Sucesso: Características faciais centrais eliminadas.

[Processing] 023_S_0331__2006-04-12_12_35_420__I13417...
[Green Light] 023_S_0331__2006-04-12_12_35_420__I13417: Biometria validada. A testar anonimização...
  -> Sucesso: Características faciais centrais eliminadas.

[Processing] 027_S_1081__2007-08-16_10_13_270__I68042...
[Green Light] 027_S_1081__2007-08-16_10_13_270__I68042: Biometria validada. A testar anonimização...
  -> Sucesso: Características faciais centrais eliminadas.

[Processing] 002_S_1261__2007-02-27_13_28_070__I41799...
[Green Light] 002_S_1261__2007-02-27_13_28_070__I41799: Biometria validada. A testar anonimização...
  -> Sucesso: Características faciais centrais eliminadas.

[Processing] 032_S_0677__2006-10-09_14_17_340__I26006...
[Green Light] 032_S_0677__2006-10-09_14_17_340__I26006: Biometria validada. A testar anonimização...
  -> Sucesso: Características faciais centrais eliminadas.

[Processing] infant_t1_11...
[Green Light] infant_t1_11: Biometria validada. A testar anonimização...
  -> Sucesso: Características faciais centrais eliminadas.

[Processing] 018_S_0450__2006-12-08_10_11_490__I32424...
[Green Light] 018_S_0450__2006-12-08_10_11_490__I32424: Biometria validada. A testar anonimização...
  -> Sucesso: Características faciais centrais eliminadas.

[Processing] 031_S_1209__2007-01-31_14_55_450__I38219...
[Green Light] 031_S_1209__2007-01-31_14_55_450__I38219: Biometria validada. A testar anonimização...
  -> Sucesso: Características faciais centrais eliminadas.

[Processing] 116_S_1249__2007-03-01_10_56_190__I42154...
[Green Light] 116_S_1249__2007-03-01_10_56_190__I42154: Biometria validada. A testar anonimização...
  -> Sucesso: Características faciais centrais eliminadas.

[Processing] 023_S_1046__2007-05-29_12_34_470__I55383...
[Green Light] 023_S_1046__2007-05-29_12_34_470__I55383: Biometria validada. A testar anonimização...
  -> Sucesso: Características faciais centrais eliminadas.

[Processing] 033_S_1309__2007-03-13_09_47_120__I44653...
[Green Light] 033_S_1309__2007-03-13_09_47_120__I44653: Biometria validada. A testar anonimização...
  -> Sucesso: Características faciais centrais eliminadas.

[Processing] 020_S_1288__2007-03-13_11_30_170__I44672...
[Green Light] 020_S_1288__2007-03-13_11_30_170__I44672: Biometria validada. A testar anonimização...
  -> Sucesso: Características faciais centrais eliminadas.

[Processing] 116_S_0649__2007-02-21_14_44_540__I41331...
[Green Light] 116_S_0649__2007-02-21_14_44_540__I41331: Biometria validada. A testar anonimização...
  -> Sucesso: Características faciais centrais eliminadas.

[Processing] 027_S_0835__2006-09-28_09_23_190__I25344...
[Green Light] 027_S_0835__2006-09-28_09_23_190__I25344: Biometria validada. A testar anonimização...
  -> Sucesso: Características faciais centrais eliminadas.

[Processing] 133_S_0912__2006-10-23_13_35_340__I27400...
[Green Light] 133_S_0912__2006-10-23_13_35_340__I27400: Biometria validada. A testar anonimização...
  -> Sucesso: Características faciais centrais eliminadas.

[Processing] 116_S_1232__2007-02-23_11_23_110__I41676...
[Green Light] 116_S_1232__2007-02-23_11_23_110__I41676: Biometria validada. A testar anonimização...
  -> Sucesso: Características faciais centrais eliminadas.

[Processing] 016_S_1121__2007-07-02_12_02_070__I62031...
[Green Light] 016_S_1121__2007-07-02_12_02_070__I62031: Biometria validada. A testar anonimização...
  -> Sucesso: Características faciais centrais eliminadas.

[Processing] infant_t1_12...
[Green Light] infant_t1_12: Biometria validada. A testar anonimização...
  -> Sucesso: Características faciais centrais eliminadas.

[Processing] 082_S_0640__2006-07-25_12_44_150__I19679...
[Green Light] 082_S_0640__2006-07-25_12_44_150__I19679: Biometria validada. A testar anonimização...
  -> Sucesso: Características faciais centrais eliminadas.

[Processing] 033_S_0922__2006-10-26_12_45_540__I27686...
[Green Light] 033_S_0922__2006-10-26_12_45_540__I27686: Biometria validada. A testar anonimização...
  -> Sucesso: Características faciais centrais eliminadas.

[Processing] 033_S_0725__2007-02-09_14_27_140__I40132...
[Controlo Falhou] 033_S_0725__2007-02-09_14_27_140__I40132: Sem biometria central no original.

[Processing] 037_S_0303__2006-10-20_11_35_020__I26906...
[Green Light] 037_S_0303__2006-10-20_11_35_020__I26906: Biometria validada. A testar anonimização...
  -> Sucesso: Características faciais centrais eliminadas.

[Processing] 021_S_0753__2006-09-11_12_20_400__I24075...
[Green Light] 021_S_0753__2006-09-11_12_20_400__I24075: Biometria validada. A testar anonimização...
  -> Sucesso: Características faciais centrais eliminadas.

[Processing] 016_S_1138__2007-04-19_13_36_370__I49945...
[Green Light] 016_S_1138__2007-04-19_13_36_370__I49945: Biometria validada. A testar anonimização...
  -> Sucesso: Características faciais centrais eliminadas.

[Processing] 023_S_0613__2006-07-24_12_34_430__I19553...
[Green Light] 023_S_0613__2006-07-24_12_34_430__I19553: Biometria validada. A testar anonimização...
  -> Sucesso: Características faciais centrais eliminadas.

[Processing] 133_S_0727__2006-11-29_12_05_060__I30788...
[Green Light] 133_S_0727__2006-11-29_12_05_060__I30788: Biometria validada. A testar anonimização...
  -> Sucesso: Características faciais centrais eliminadas.

[Processing] 067_S_1253__2007-03-30_07_22_360__I47973...
[Green Light] 067_S_1253__2007-03-30_07_22_360__I47973: Biometria validada. A testar anonimização...
  -> Sucesso: Características faciais centrais eliminadas.

[Processing] 032_S_0479__2006-11-27_15_47_320__I30884...
[Green Light] 032_S_0479__2006-11-27_15_47_320__I30884: Biometria validada. A testar anonimização...
  -> Sucesso: Características faciais centrais eliminadas.

[Processing] 002_S_1018__2006-12-18_14_57_090__I33832...
[Green Light] 002_S_1018__2006-12-18_14_57_090__I33832: Biometria validada. A testar anonimização...
  -> Sucesso: Características faciais centrais eliminadas.

[Processing] 133_S_0493__2008-05-23_09_44_290__I106672...
[Green Light] 133_S_0493__2008-05-23_09_44_290__I106672: Biometria validada. A testar anonimização...
  -> Sucesso: Características faciais centrais eliminadas.

[Processing] 037_S_0588__2007-07-03_10_28_410__I58529...
[Green Light] 037_S_0588__2007-07-03_10_28_410__I58529: Biometria validada. A testar anonimização...
  -> Sucesso: Características faciais centrais eliminadas.

[Processing] 133_S_0433__2007-05-10_14_43_250__I64505...
[Controlo Falhou] 133_S_0433__2007-05-10_14_43_250__I64505: Sem biometria central no original.

[Processing] 018_S_0369__2006-10-31_13_19_310__I28140...
[Green Light] 018_S_0369__2006-10-31_13_19_310__I28140: Biometria validada. A testar anonimização...
  -> Sucesso: Características faciais centrais eliminadas.

[Processing] 133_S_1031__2007-12-11_12_46_050__I84541...
[Controlo Falhou] 133_S_1031__2007-12-11_12_46_050__I84541: Sem biometria central no original.

[Processing] 128_S_1242__2007-02-14_13_50_250__I40363...
[Green Light] 128_S_1242__2007-02-14_13_50_250__I40363: Biometria validada. A testar anonimização...
  -> Sucesso: Características faciais centrais eliminadas.

[Processing] 051_S_1331__2007-04-26_09_25_480__I51349...
[Green Light] 051_S_1331__2007-04-26_09_25_480__I51349: Biometria validada. A testar anonimização...
  -> Sucesso: Características faciais centrais eliminadas.

[Processing] 033_S_0920__2007-10-31_11_31_170__I80602...
[Controlo Falhou] 033_S_0920__2007-10-31_11_31_170__I80602: Sem biometria central no original.

[Processing] 032_S_1101__2007-01-25_11_00_450__I37523...
[Green Light] 032_S_1101__2007-01-25_11_00_450__I37523: Biometria validada. A testar anonimização...
  -> Sucesso: Características faciais centrais eliminadas.

[Processing] 023_S_1289__2007-02-20_08_51_510__I41191...
[Green Light] 023_S_1289__2007-02-20_08_51_510__I41191: Biometria validada. A testar anonimização...
  -> Sucesso: Características faciais centrais eliminadas.

[Processing] 018_S_0335__2006-11-28_15_27_370__I30710...
[Green Light] 018_S_0335__2006-11-28_15_27_370__I30710: Biometria validada. A testar anonimização...
  -> Sucesso: Características faciais centrais eliminadas.

[Processing] 053_S_0507__2006-12-11_12_04_450__I32605...
[Green Light] 053_S_0507__2006-12-11_12_04_450__I32605: Biometria validada. A testar anonimização...
  -> Sucesso: Características faciais centrais eliminadas.

[Processing] 116_S_0752__2006-09-08_10_23_110__I24036...
[Green Light] 116_S_0752__2006-09-08_10_23_110__I24036: Biometria validada. A testar anonimização...
  -> Sucesso: Características faciais centrais eliminadas.

[Processing] 133_S_0488__2006-06-02_14_53_240__I16438...
[Green Light] 133_S_0488__2006-06-02_14_53_240__I16438: Biometria validada. A testar anonimização...
  -> Sucesso: Características faciais centrais eliminadas.

=======================================================
RELATÓRIO FINAL: DEFACING SCORE
=======================================================
Pares processados: 71
Originais Validados (Marcos Centrais): 64
Originais Rejeitados (Baixa Qualidade): 7
------------------------------------------------------------
CERTO: Defaced ocultado com sucesso: 63
ERRO: Defaced com identidade preservada: 1

DEFACING SCORE: 98.44%

⏱️ Tempo total de execução: 00:13:35
=======================================================
Cálculo de Defacing Score concluído.
