A iniciar o cálculo de Defacing Score por Biometria Topológica...

[Green Light] 002_S_0729__2008-03-05_14_35_550__I95392: Biometria validada. A testar anonimização...
  -> Sucesso: Características faciais centrais eliminadas.
[Green Light] infant_t1_12: Biometria validada. A testar anonimização...
  -> Sucesso: Características faciais centrais eliminadas.
[Green Light] 002_S_0954__2007-05-03_08_00_340__I53479: Biometria validada. A testar anonimização...
  -> Sucesso: Características faciais centrais eliminadas.
[Green Light] 002_S_0413__2006-11-15_14_23_260__I30119: Biometria validada. A testar anonimização...
  -> Sucesso: Características faciais centrais eliminadas.
[Green Light] 002_S_0413__2006-11-15_14_34_440__I30118: Biometria validada. A testar anonimização...
  -> Sucesso: Características faciais centrais eliminadas.
[Green Light] 002_S_0729__2008-03-05_14_48_140__I95391: Biometria validada. A testar anonimização...
  -> Sucesso: Características faciais centrais eliminadas.
[Green Light] 002_S_1018__2006-12-18_15_08_270__I33831: Biometria validada. A testar anonimização...
  -> Sucesso: Características faciais centrais eliminadas.
[Green Light] 002_S_0954__2006-11-08_08_12_060__I29286: Biometria validada. A testar anonimização...
  -> Sucesso: Características faciais centrais eliminadas.
[Green Light] 002_S_0954__2006-11-08_08_00_480__I29285: Biometria validada. A testar anonimização...
  -> Sucesso: Características faciais centrais eliminadas.
[Green Light] 002_S_0413__2009-04-30_10_58_190__I142972: Biometria validada. A testar anonimização...
  -> Sucesso: Características faciais centrais eliminadas.
[Green Light] 002_S_1018__2006-12-18_14_57_090__I33832: Biometria validada. A testar anonimização...
  -> Sucesso: Características faciais centrais eliminadas.
[Green Light] 002_S_0729__2009-08-13_12_47_160__I153075: Biometria validada. A testar anonimização...
  -> Sucesso: Características faciais centrais eliminadas.
[Green Light] 002_S_0729__2006-08-02_07_02_000__I20088: Biometria validada. A testar anonimização...
  -> Sucesso: Características faciais centrais eliminadas.
[Green Light] 002_S_0729__2006-08-02_07_13_170__I20087: Biometria validada. A testar anonimização...
  -> Sucesso: Características faciais centrais eliminadas.
[Green Light] infant_t1_11: Biometria validada. A testar anonimização...
  -> Sucesso: Características faciais centrais eliminadas.
[Green Light] 002_S_0413__2008-07-31_09_17_170__I115006: Biometria validada. A testar anonimização...
  -> Sucesso: Características faciais centrais eliminadas.
[Green Light] 002_S_0729__2008-09-29_11_52_490__I118548: Biometria validada. A testar anonimização...
  -> Sucesso: Características faciais centrais eliminadas.
[Green Light] 002_S_0954__2008-06-05_15_03_540__I108607: Biometria validada. A testar anonimização...
  -> Sucesso: Características faciais centrais eliminadas.
[Green Light] infant_t1_13: Biometria validada. A testar anonimização...
  -> Sucesso: Características faciais centrais eliminadas.
[Green Light] 002_S_0559__2009-06-30_17_01_280__I147119: Biometria validada. A testar anonimização...
  -> Sucesso: Características faciais centrais eliminadas.
[Green Light] 002_S_0816__2007-03-28_15_35_460__I47406: Biometria validada. A testar anonimização...
  -> Sucesso: Características faciais centrais eliminadas.

=======================================================
RELATÓRIO FINAL: DEFACING SCORE DA SPOT (V2)
=======================================================
Pares processados: 21
Originais Validados (Marcos Centrais): 21
Originais Rejeitados (Baixa Qualidade): 0
------------------------------------------------------------
CERTO: Defaced ocultado com sucesso: 21
ERRO: Defaced com identidade preservada: 0

DEFACING SCORE: 100.00%
=======================================================
