A iniciar tarefa de inferência na arquitetura Aurora...
Nó alocado: aurora03
/home/andresousa615/rempe/mede_code/mednext_venv/lib/python3.10/site-packages/torch/utils/checkpoint.py:460: UserWarning: torch.utils.checkpoint: please pass in use_reentrant=True or use_reentrant=False explicitly. The default value of use_reentrant will be updated to be False in the future. To maintain current behavior, pass use_reentrant=True. It is recommended that you use use_reentrant=False. Refer to docs for more details on the differences between the two variants.
  warnings.warn(
/home/andresousa615/rempe/mede_code/run_inference.py:70: RuntimeWarning: Skipping ToCanonical as it is not invertible
  inverse_transform = subject_spatial.get_composed_history().inverse()
/home/andresousa615/rempe/mede_code/run_inference.py:70: RuntimeWarning: Skipping Resample as it is not invertible
  inverse_transform = subject_spatial.get_composed_history().inverse()
/home/andresousa615/rempe/mede_code/run_inference.py:70: RuntimeWarning: No invertible transforms found
  inverse_transform = subject_spatial.get_composed_history().inverse()
A inicializar o modelo MedNeXt...
A carregar exames a partir de: /home/andresousa615/rempe/mede_code/mede/data/test.csv

A processar paciente: 002_S_0729__2008-03-05_14_35_550__I95392
  -> Tempo Segmentação (GPU): 0.7917 s
  -> Tempo Anonimização e Gravação: 0.0021 s

A processar paciente: infant_t1_12
  -> Tempo Segmentação (GPU): 1.2022 s
  -> Tempo Anonimização e Gravação: 0.0012 s

A processar paciente: 002_S_0954__2007-05-03_08_00_340__I53479
  -> Tempo Segmentação (GPU): 0.6860 s
  -> Tempo Anonimização e Gravação: 0.0013 s

A processar paciente: 002_S_0413__2006-11-15_14_23_260__I30119
  -> Tempo Segmentação (GPU): 0.6720 s
  -> Tempo Anonimização e Gravação: 0.0016 s

A processar paciente: 002_S_0413__2006-11-15_14_34_440__I30118
  -> Tempo Segmentação (GPU): 0.6758 s
  -> Tempo Anonimização e Gravação: 0.0016 s

A processar paciente: 002_S_0729__2008-03-05_14_48_140__I95391
  -> Tempo Segmentação (GPU): 0.6751 s
  -> Tempo Anonimização e Gravação: 0.0017 s

A processar paciente: 002_S_1018__2006-12-18_15_08_270__I33831
  -> Tempo Segmentação (GPU): 0.6861 s
  -> Tempo Anonimização e Gravação: 0.0050 s

A processar paciente: 002_S_0954__2006-11-08_08_12_060__I29286
  -> Tempo Segmentação (GPU): 0.6821 s
  -> Tempo Anonimização e Gravação: 0.0015 s

A processar paciente: 002_S_0954__2006-11-08_08_00_480__I29285
  -> Tempo Segmentação (GPU): 0.6786 s
  -> Tempo Anonimização e Gravação: 0.0018 s

A processar paciente: 002_S_0413__2009-04-30_10_58_190__I142972
  -> Tempo Segmentação (GPU): 0.6756 s
  -> Tempo Anonimização e Gravação: 0.0017 s

A processar paciente: 002_S_1018__2006-12-18_14_57_090__I33832
  -> Tempo Segmentação (GPU): 0.6763 s
  -> Tempo Anonimização e Gravação: 0.0016 s

A processar paciente: 002_S_0729__2009-08-13_12_47_160__I153075
  -> Tempo Segmentação (GPU): 0.6734 s
  -> Tempo Anonimização e Gravação: 0.0017 s

A processar paciente: 002_S_0729__2006-08-02_07_02_000__I20088
  -> Tempo Segmentação (GPU): 0.6741 s
  -> Tempo Anonimização e Gravação: 0.0015 s

A processar paciente: 002_S_0729__2006-08-02_07_13_170__I20087
  -> Tempo Segmentação (GPU): 0.6758 s
  -> Tempo Anonimização e Gravação: 0.0016 s

A processar paciente: infant_t1_11
  -> Tempo Segmentação (GPU): 1.2789 s
  -> Tempo Anonimização e Gravação: 0.0011 s

A processar paciente: 002_S_0413__2008-07-31_09_17_170__I115006
  -> Tempo Segmentação (GPU): 0.6805 s
  -> Tempo Anonimização e Gravação: 0.0017 s

A processar paciente: 002_S_0729__2008-09-29_11_52_490__I118548
  -> Tempo Segmentação (GPU): 0.6704 s
  -> Tempo Anonimização e Gravação: 0.0017 s

A processar paciente: 002_S_0954__2008-06-05_15_03_540__I108607
  -> Tempo Segmentação (GPU): 0.6773 s
  -> Tempo Anonimização e Gravação: 0.0019 s

A processar paciente: infant_t1_13
  -> Tempo Segmentação (GPU): 1.2310 s
  -> Tempo Anonimização e Gravação: 0.0009 s

A processar paciente: 002_S_0559__2009-06-30_17_01_280__I147119
  -> Tempo Segmentação (GPU): 0.6805 s
  -> Tempo Anonimização e Gravação: 0.0020 s

A processar paciente: 002_S_0816__2007-03-28_15_35_460__I47406
  -> Tempo Segmentação (GPU): 0.6820 s
  -> Tempo Anonimização e Gravação: 0.0019 s

=== SCRIPT DE Inferência CONCLUÍDO ===
Exames processados. Verifica a pasta /home/andresousa615/rempe/mede_code/resultados_inferencia/
Tempo total de segmentação: 16.0255 s
Tempo total de anonimização: 0.0372 s
Tempo total de gravação: 4.0250 s
Tempo total do pipeline sem gravação: 16.0627 s
Tempo total do pipeline: 20.0877 s
Tempo médio de segmentação por exame: 0.7631 s
Tempo médio de anonimização por exame: 0.0018 s
Tempo médio de gravação por exame: 0.1917 s
Tempo médio total sem gravação por exame: 0.7649 s
Tempo médio total por exame: 0.9566 s
Inferência concluída.
