==========================================================
 INICIANDO PIPELINE FIM-A-FIM (Job ID: 1107029)
 Head Node: gnx506
 Working Dir: /projects/F202500001HPCVLABEPICURE/andresousa615/rempe/results/train_mednext_0.0005_mednext_aurora_16gb_vram_1107029
2 NÓS - 4 GPUS/NÓ
==========================================================
 iInício do Treino - MEDNEXT 
 Head Node: gnx506
 Working Dir: /projects/F202500001HPCVLABEPICURE/andresousa615/rempe/results/train_mednext_0.0005_mednext_aurora_16gb_vram_1107029
2 NÓS - 4 GPUS/NÓ - MEDNEXT - Batch Size 2
[FASE 1] A Retomar Treino...
[FASE 1 CONCLUÍDA] Duração: 9928 segundos.
----------------------------------------------------------
[FASE 2] A Gerar Gráficos de Treino...
A gerar gráficos a partir de: /projects/F202500001HPCVLABEPICURE/andresousa615/rempe/results/train_mednext_0.0005_mednext_aurora_16gb_vram_1107029/training_metrics.csv
✅ Gráfico guardado com sucesso em: /projects/F202500001HPCVLABEPICURE/andresousa615/rempe/results/train_mednext_0.0005_mednext_aurora_16gb_vram_1107029/training_plot.png
[FASE 2 CONCLUÍDA]
----------------------------------------------------------
[FASE 3] A Iniciar Inferência e Métricas de Teste...
A iniciar Inferência Física Distribuída (Híbrida com DataLoader)...
Total de exames a processar: 71

=======================================================
RESULTADOS FINAIS - AVALIAÇÃO FÍSICA
=======================================================
Total Exames Avaliados: 71
Average DSC (Dice Score): 0.5106
Average IoU (Jaccard):    0.3651

✅ Relatório de auditoria guardado em: /projects/F202500001HPCVLABEPICURE/andresousa615/rempe/results/train_mednext_0.0005_mednext_aurora_16gb_vram_1107029/test_metrics.csv
=======================================================
[FASE 3 CONCLUÍDA] Duração: 123 segundos.
----------------------------------------------------------
[FASE 4] A Renderizar Imagens 2D (Ray-Casting Paralelo)...
A iniciar a organização dos pares (Original vs Predição)...
Organização concluída: 71 pares prontos.
==================================================
A iniciar o pipeline de renderização Paralelizado...
[Rank 1] Vai processar 35 exames.
[Rank 0] Vai processar 36 exames.
[FASE 4 CONCLUÍDA] Duração: 264 segundos.
----------------------------------------------------------
[FASE 5] A Iniciar Cálculo do Defacing Score...
A iniciar o cálculo de Defacing Score Distribuído (CNN Biometrics)...

[Rank 0] Vai processar 36 exames.
[Rank 1] Vai processar 35 exames.

=======================================================
RELATÓRIO FINAL: DEFACING SCORE (Processamento Paralelo)
=======================================================
Pares processados: 71
Originais Validados (Marcos Centrais): 64
Originais Rejeitados (Baixa Qualidade): 7
Lista dos Originais Rejeitados: ['033_S_0725__2007-02-09_14_27_140__I40132', '033_S_0920__2007-10-31_11_31_170__I80602', '033_S_1098__2008-12-11_15_18_110__I131103', '133_S_0433__2007-05-10_14_43_250__I64505', '133_S_0638__2008-09-11_09_43_050__I117795', '133_S_0913__2007-01-18_09_28_260__I36702', '133_S_1031__2007-12-11_12_46_050__I84541']

-------------------------------------------------------
CERTO: Defaced ocultado com sucesso: 63
ERRO: Defaced com identidade preservada: 1

Lista dos Defaced que tiveram faces detetadas: ['016_S_1138__2007-04-19_13_36_370__I49945']

DEFACING SCORE: 98.44%

⏱️ Tempo total de execução: 00:07:23
Total de 443 segundos=======================================================

✅ Relatório de auditoria guardado em: /projects/F202500001HPCVLABEPICURE/andresousa615/rempe/results/train_mednext_0.0005_mednext_aurora_16gb_vram_1107029/defacing_report.txt
[FASE 5 CONCLUÍDA] Duração: 466 segundos.
----------------------------------------------------------
==========================================================
 PIPELINE FINALIZADO COM SUCESSO!
 Tempo Total: 2h 59m
 Todos os resultados guardados em:
 /projects/F202500001HPCVLABEPICURE/andresousa615/rempe/results/train_mednext_0.0005_mednext_aurora_16gb_vram_1107029
==========================================================
