==========================================================
 INICIANDO PIPELINE FIM-A-FIM (Job ID: 1116349)
 Head Node: gnx510
 Working Dir: /projects/F202500001HPCVLABEPICURE/andresousa615/rempe/results/train_mednext_0.0005_mednext_aurora_16gb_vram_1116349
2 NÓS - 2 GPUS/NÓ
==========================================================
Selected model: mednext
Selected model: mednextSelected model: mednext

Selected model: mednext
[FASE 1 CONCLUÍDA] Duração: 9684 segundos.
----------------------------------------------------------
[FASE 2] A Gerar Gráficos de Treino...
A gerar gráficos a partir de: /projects/F202500001HPCVLABEPICURE/andresousa615/rempe/results/train_mednext_0.0005_mednext_aurora_16gb_vram_1116349/training_metrics.csv
✅ Gráfico guardado com sucesso em: /projects/F202500001HPCVLABEPICURE/andresousa615/rempe/results/train_mednext_0.0005_mednext_aurora_16gb_vram_1116349/training_plot.png
[FASE 2 CONCLUÍDA]
----------------------------------------------------------
[FASE 3] A Iniciar Inferência e Métricas de Teste...
A iniciar Inferência Física Distribuída (Híbrida com DataLoader)...
Total de exames a processar: 71

=======================================================
RESULTADOS FINAIS - AVALIAÇÃO FÍSICA
=======================================================
Total Exames Avaliados: 71
Average DSC (Dice Score): 0.5313
Average IoU (Jaccard):    0.3807

✅ Relatório de auditoria guardado em: /projects/F202500001HPCVLABEPICURE/andresousa615/rempe/results/train_mednext_0.0005_mednext_aurora_16gb_vram_1116349/test_metrics.csv
=======================================================
[FASE 3 CONCLUÍDA] Duração: 98 segundos.
----------------------------------------------------------
[FASE 4] A Renderizar Imagens 2D (Ray-Casting Paralelo)...
A iniciar a organização dos pares (Original vs Predição)...
Organização concluída: 71 pares prontos.
==================================================
A iniciar o pipeline de renderização Paralelizado...
[Rank 1] Vai processar 18 exames.
[Rank 0] Vai processar 18 exames.
[Rank 3] Vai processar 17 exames.[Rank 2] Vai processar 18 exames.

[FASE 4 CONCLUÍDA] Duração: 169 segundos.
----------------------------------------------------------
[FASE 5] A Iniciar Cálculo do Defacing Score...
A iniciar o cálculo de Defacing Score Distribuído (CNN Biometrics)...

[Rank 0] Vai processar 18 exames.
[Rank 1] Vai processar 18 exames.
[Rank 2] Vai processar 18 exames.
[Rank 3] Vai processar 17 exames.
[FASE 5 CONCLUÍDA] Duração: 926 segundos.
----------------------------------------------------------
==========================================================
 PIPELINE FINALIZADO COM SUCESSO!
 Tempo Total: 3h 1m
 Todos os resultados guardados em:
 /projects/F202500001HPCVLABEPICURE/andresousa615/rempe/results/train_mednext_0.0005_mednext_aurora_16gb_vram_1116349
==========================================================
